2026-09-27 17:14:42 守护启动：interval=120s stall=5 次
2026-09-27 17:14:43 active=31 job=13 REPAIR_VIDEO | out=-1MB —— 调度器已不在，清理孤儿进程后重启
2026-09-27 17:18:34 守护启动：interval=120s stall=5 次
2026-09-27 17:18:34 active=31 job=13 REPAIR_VIDEO | out=-1MB —— 调度器已不在，清理孤儿进程后重启
2026-09-27 17:19:25 守护启动：interval=120s stall=5 次
2026-09-27 17:19:25 active=31 job=13 REPAIR_VIDEO | out=6MB frozen=0 调度器在跑
2026-09-27 17:21:25 active=31 job=13 REPAIR_VIDEO | out=17.5MB frozen=0 调度器在跑
2026-09-27 17:23:26 active=31 job=13 REPAIR_VIDEO | out=23.5MB frozen=0 调度器在跑
2026-09-27 17:25:26 active=31 job=13 REPAIR_VIDEO | out=40.5MB frozen=0 调度器在跑
2026-09-27 17:27:26 active=31 job=13 REPAIR_VIDEO | out=48.3MB frozen=0 调度器在跑
2026-09-27 17:29:27 active=31 job=13 REPAIR_VIDEO | out=56.5MB frozen=0 调度器在跑
2026-09-27 17:31:27 active=31 job=13 REPAIR_VIDEO | out=68.3MB frozen=0 调度器在跑
2026-09-27 17:33:27 active=31 job=13 REPAIR_VIDEO | out=74.8MB frozen=0 调度器在跑
2026-09-27 17:35:27 active=31 job=13 REPAIR_VIDEO | out=81.5MB frozen=0 调度器在跑
2026-09-27 17:37:28 active=31 job=13 REPAIR_VIDEO | out=88MB frozen=0 调度器在跑
2026-09-27 17:39:28 active=31 job=13 REPAIR_VIDEO | out=100.3MB frozen=0 调度器在跑
2026-09-27 17:41:28 active=31 job=13 REPAIR_VIDEO | out=111.5MB frozen=0 调度器在跑
2026-09-27 17:43:29 active=31 job=13 REPAIR_VIDEO | out=120.8MB frozen=0 调度器在跑
2026-09-27 17:45:29 active=31 job=13 REPAIR_VIDEO | out=128MB frozen=0 调度器在跑
2026-09-27 17:47:29 active=31 job=13 REPAIR_VIDEO | out=134MB frozen=0 调度器在跑
2026-09-27 17:49:29 active=31 job=13 REPAIR_VIDEO | out=139.8MB frozen=0 调度器在跑
2026-09-27 17:51:30 active=31 job=13 REPAIR_VIDEO | out=145.3MB frozen=0 调度器在跑
2026-09-27 17:53:30 active=30 job=14 REPAIR_VIDEO | out=5.8MB frozen=0 调度器在跑
2026-09-27 17:55:30 active=30 job=14 REPAIR_VIDEO | out=13MB frozen=0 调度器在跑
2026-09-27 17:57:31 active=30 job=14 REPAIR_VIDEO | out=21.5MB frozen=0 调度器在跑
2026-09-27 17:59:31 active=30 job=14 REPAIR_VIDEO | out=29.5MB frozen=0 调度器在跑
2026-09-27 18:01:31 active=30 job=14 REPAIR_VIDEO | out=37.5MB frozen=0 调度器在跑
2026-09-27 18:03:32 active=30 job=14 REPAIR_VIDEO | out=49.5MB frozen=0 调度器在跑
2026-09-27 18:05:32 active=30 job=14 REPAIR_VIDEO | out=57MB frozen=0 调度器在跑
2026-09-27 18:07:32 active=30 job=14 REPAIR_VIDEO | out=64.5MB frozen=0 调度器在跑
2026-09-27 18:09:32 active=30 job=14 REPAIR_VIDEO | out=71.8MB frozen=0 调度器在跑
2026-09-27 18:11:33 active=30 job=14 REPAIR_VIDEO | out=79MB frozen=0 调度器在跑
2026-09-27 18:13:33 active=30 job=14 REPAIR_VIDEO | out=86MB frozen=0 调度器在跑
2026-09-27 18:15:33 active=30 job=14 REPAIR_VIDEO | out=93.8MB frozen=0 调度器在跑
2026-09-27 18:17:33 active=30 job=14 REPAIR_VIDEO | out=100.5MB frozen=0 调度器在跑
2026-09-27 18:19:34 active=30 job=14 REPAIR_VIDEO | out=111MB frozen=0 调度器在跑
2026-09-27 18:21:34 active=29 job=15 REPAIR_VIDEO | out=8.8MB frozen=0 调度器在跑
2026-09-27 18:23:34 active=29 job=15 REPAIR_VIDEO | out=18.5MB frozen=0 调度器在跑
2026-09-27 18:25:35 active=29 job=15 REPAIR_VIDEO | out=28.8MB frozen=0 调度器在跑
2026-09-27 18:27:35 active=29 job=15 REPAIR_VIDEO | out=36.8MB frozen=0 调度器在跑
2026-09-27 18:29:36 active=29 job=15 REPAIR_VIDEO | out=42.3MB frozen=0 调度器在跑
2026-09-27 18:31:36 active=29 job=15 REPAIR_VIDEO | out=50.5MB frozen=0 调度器在跑
2026-09-27 18:33:36 active=29 job=15 REPAIR_VIDEO | out=57.3MB frozen=0 调度器在跑
2026-09-27 18:35:36 active=29 job=15 REPAIR_VIDEO | out=63.8MB frozen=0 调度器在跑
2026-09-27 18:37:37 active=29 job=15 REPAIR_VIDEO | out=69.5MB frozen=0 调度器在跑
2026-09-27 18:39:37 active=29 job=15 REPAIR_VIDEO | out=81.5MB frozen=0 调度器在跑
2026-09-27 18:41:37 active=29 job=15 REPAIR_VIDEO | out=89MB frozen=0 调度器在跑
2026-09-27 18:43:38 active=29 job=15 REPAIR_VIDEO | out=95.3MB frozen=0 调度器在跑
2026-09-27 18:45:38 active=29 job=15 REPAIR_VIDEO | out=107MB frozen=0 调度器在跑
2026-09-27 18:47:38 active=28 job=16 REPAIR_VIDEO | out=5.8MB frozen=0 调度器在跑
2026-09-27 18:49:39 active=28 job=16 REPAIR_VIDEO | out=11MB frozen=0 调度器在跑
2026-09-27 18:51:39 active=28 job=16 REPAIR_VIDEO | out=16.8MB frozen=0 调度器在跑
2026-09-27 18:53:39 active=28 job=16 REPAIR_VIDEO | out=25MB frozen=0 调度器在跑
2026-09-27 18:55:39 active=28 job=16 REPAIR_VIDEO | out=31.8MB frozen=0 调度器在跑
2026-09-27 18:57:40 active=28 job=16 REPAIR_VIDEO | out=38.5MB frozen=0 调度器在跑
2026-09-27 18:59:40 active=28 job=16 REPAIR_VIDEO | out=46MB frozen=0 调度器在跑
2026-09-27 19:01:40 active=28 job=16 REPAIR_VIDEO | out=58MB frozen=0 调度器在跑
2026-09-27 19:03:41 active=27 job=17 REPAIR_VIDEO | out=8MB frozen=0 调度器在跑
2026-09-27 19:05:41 active=27 job=17 REPAIR_VIDEO | out=14.3MB frozen=0 调度器在跑
2026-09-27 19:07:41 active=27 job=17 REPAIR_VIDEO | out=21.3MB frozen=0 调度器在跑
2026-09-27 19:09:42 active=27 job=17 REPAIR_VIDEO | out=28.3MB frozen=0 调度器在跑
2026-09-27 19:11:42 active=27 job=17 REPAIR_VIDEO | out=35MB frozen=0 调度器在跑
2026-09-27 19:13:42 active=27 job=17 REPAIR_VIDEO | out=43.8MB frozen=0 调度器在跑
2026-09-27 19:15:43 active=27 job=17 REPAIR_VIDEO | out=50.8MB frozen=0 调度器在跑
2026-09-27 19:17:43 active=27 job=17 REPAIR_VIDEO | out=57.8MB frozen=0 调度器在跑
2026-09-27 19:19:43 active=27 job=17 REPAIR_VIDEO | out=67MB frozen=0 调度器在跑
2026-09-27 19:21:44 active=27 job=17 REPAIR_VIDEO | out=77.3MB frozen=0 调度器在跑
2026-09-27 19:23:44 active=27 job=17 REPAIR_VIDEO | out=87.3MB frozen=0 调度器在跑
2026-09-27 19:25:44 active=27 job=17 REPAIR_VIDEO | out=94MB frozen=0 调度器在跑
2026-09-27 19:34:17 守护启动：interval=120s stall=5 次
2026-09-27 19:34:17 PATH 已加入 E:\WorkBuddy\video-transfer-tools\video_pipeline\.tools\ffmpeg
2026-09-27 19:34:17 active=31 job=17 REPAIR_VIDEO | out=-1MB —— 调度器已不在，清理孤儿进程后重启
2026-09-27 19:36:23 active=31 job=13 TRANSCODE | 调度器在跑（当前无 RVE 进程）
2026-09-27 19:38:23 active=31 job=13 TRANSCODE | 调度器在跑（当前无 RVE 进程）
2026-09-27 19:40:23 active=31 job=13 EXPORT | 调度器在跑（当前无 RVE 进程）
2026-09-27 19:42:24 active=31 job=13 EXPORT | 调度器在跑（当前无 RVE 进程）
2026-09-27 19:44:24 active=30 job=14 TRANSCODE | 调度器在跑（当前无 RVE 进程）
2026-09-27 19:46:24 active=30 job=14 TRANSCODE | 调度器在跑（当前无 RVE 进程）
2026-09-27 19:48:24 active=30 job=14 EXPORT | 调度器在跑（当前无 RVE 进程）
2026-09-27 19:50:25 active=30 job=14 EXPORT | 调度器在跑（当前无 RVE 进程）
2026-09-27 19:52:25 active=29 job=15 TRANSCODE | 调度器在跑（当前无 RVE 进程）
2026-09-27 19:54:25 active=29 job=15 TRANSCODE | 调度器在跑（当前无 RVE 进程）
2026-09-27 19:56:26 active=29 job=15 EXPORT | 调度器在跑（当前无 RVE 进程）
2026-09-27 19:58:26 active=29 job=15 EXPORT | 调度器在跑（当前无 RVE 进程）
2026-09-27 20:00:26 active=29 job=15 EXPORT | 调度器在跑（当前无 RVE 进程）
2026-09-27 20:02:26 active=28 job=16 TRANSCODE | 调度器在跑（当前无 RVE 进程）
2026-09-27 20:04:27 active=28 job=16 EXPORT | 调度器在跑（当前无 RVE 进程）
2026-09-27 20:06:27 active=27 job=17 REPAIR_VIDEO | out=7MB frozen=0 调度器在跑
2026-09-27 20:08:27 active=27 job=17 REPAIR_VIDEO | out=14.3MB frozen=0 调度器在跑
2026-09-27 20:10:28 active=27 job=17 REPAIR_VIDEO | out=21.8MB frozen=0 调度器在跑
2026-09-27 20:12:28 active=27 job=17 REPAIR_VIDEO | out=28.8MB frozen=0 调度器在跑
2026-09-27 20:14:28 active=27 job=17 REPAIR_VIDEO | out=36.8MB frozen=0 调度器在跑
2026-09-27 20:16:28 active=27 job=17 REPAIR_VIDEO | out=45.5MB frozen=0 调度器在跑
2026-09-27 20:18:29 active=27 job=17 REPAIR_VIDEO | out=52.8MB frozen=0 调度器在跑
2026-09-27 20:20:29 active=27 job=17 REPAIR_VIDEO | out=60MB frozen=0 调度器在跑
2026-09-27 20:22:29 active=27 job=17 REPAIR_VIDEO | out=72MB frozen=0 调度器在跑
2026-09-27 20:24:29 active=27 job=17 REPAIR_VIDEO | out=85.3MB frozen=0 调度器在跑
2026-09-27 20:26:30 active=27 job=17 REPAIR_VIDEO | out=89.8MB frozen=0 调度器在跑
2026-09-27 20:28:30 active=27 job=17 REPAIR_VIDEO | out=100.8MB frozen=0 调度器在跑
2026-09-27 20:30:30 active=27 job=17 REPAIR_VIDEO | out=107.8MB frozen=0 调度器在跑
2026-09-27 20:32:30 active=27 job=17 REPAIR_VIDEO | out=114.8MB frozen=0 调度器在跑
2026-09-27 20:34:31 active=27 job=17 REPAIR_VIDEO | out=121.5MB frozen=0 调度器在跑
2026-09-27 20:36:31 active=27 job=17 REPAIR_VIDEO | out=128.8MB frozen=0 调度器在跑
2026-09-27 20:38:31 active=27 job=17 REPAIR_VIDEO | out=136.3MB frozen=0 调度器在跑
2026-09-27 20:40:32 active=27 job=17 TRANSCODE | 调度器在跑（当前无 RVE 进程）
2026-09-27 20:42:32 active=27 job=17 TRANSCODE | 调度器在跑（当前无 RVE 进程）
2026-09-27 20:44:32 active=27 job=17 TRANSCODE | 调度器在跑（当前无 RVE 进程）
2026-09-27 20:46:32 active=27 job=17 EXPORT | 调度器在跑（当前无 RVE 进程）
2026-09-27 20:48:33 active=27 job=17 EXPORT | 调度器在跑（当前无 RVE 进程）
2026-09-27 20:50:33 active=27 job=17 EXPORT | 调度器在跑（当前无 RVE 进程）
2026-09-27 20:52:33 active=26 job=18 REPAIR_VIDEO | out=2MB frozen=0 调度器在跑
2026-09-27 20:54:33 active=26 job=18 REPAIR_VIDEO | out=9.8MB frozen=0 调度器在跑
2026-09-27 20:56:34 active=26 job=18 REPAIR_VIDEO | out=16.3MB frozen=0 调度器在跑
2026-09-27 20:58:34 active=26 job=18 REPAIR_VIDEO | out=23.3MB frozen=0 调度器在跑
2026-09-27 21:00:34 active=26 job=18 REPAIR_VIDEO | out=28.8MB frozen=0 调度器在跑
2026-09-27 21:02:34 active=26 job=18 REPAIR_VIDEO | out=35MB frozen=0 调度器在跑
2026-09-27 21:04:35 active=26 job=18 REPAIR_VIDEO | out=42.5MB frozen=0 调度器在跑
2026-09-27 21:06:35 active=26 job=18 REPAIR_VIDEO | out=48.5MB frozen=0 调度器在跑
2026-09-27 21:08:35 active=26 job=18 REPAIR_VIDEO | out=54.3MB frozen=0 调度器在跑
2026-09-27 21:10:36 active=26 job=18 REPAIR_VIDEO | out=61.8MB frozen=0 调度器在跑
2026-09-27 21:12:36 active=26 job=18 REPAIR_VIDEO | out=71MB frozen=0 调度器在跑
2026-09-27 21:14:36 active=26 job=18 REPAIR_VIDEO | out=80.5MB frozen=0 调度器在跑
2026-09-27 21:16:36 active=26 job=18 REPAIR_VIDEO | out=88MB frozen=0 调度器在跑
2026-09-27 21:18:37 active=26 job=18 TRANSCODE | 调度器在跑（当前无 RVE 进程）
2026-09-27 21:20:37 active=26 job=18 TRANSCODE | 调度器在跑（当前无 RVE 进程）
2026-09-27 21:22:37 active=26 job=18 EXPORT | 调度器在跑（当前无 RVE 进程）
2026-09-27 21:24:37 active=26 job=18 EXPORT | 调度器在跑（当前无 RVE 进程）
2026-09-27 21:26:38 active=25 job=19 REPAIR_VIDEO | out=2MB frozen=0 调度器在跑
2026-09-27 21:28:38 active=25 job=19 REPAIR_VIDEO | out=14.3MB frozen=0 调度器在跑
2026-09-27 21:30:38 active=25 job=19 REPAIR_VIDEO | out=20.5MB frozen=0 调度器在跑
2026-09-27 21:32:38 active=25 job=19 REPAIR_VIDEO | out=28.8MB frozen=0 调度器在跑
2026-09-27 21:34:39 active=25 job=19 REPAIR_VIDEO | out=38.8MB frozen=0 调度器在跑
2026-09-27 21:36:39 active=25 job=19 REPAIR_VIDEO | out=50MB frozen=0 调度器在跑
2026-09-27 21:38:39 active=25 job=19 REPAIR_VIDEO | out=56.3MB frozen=0 调度器在跑
2026-09-27 21:40:39 active=25 job=19 REPAIR_VIDEO | out=63.8MB frozen=0 调度器在跑
2026-09-27 21:42:40 active=25 job=19 REPAIR_VIDEO | out=71MB frozen=0 调度器在跑
2026-09-27 21:44:40 active=25 job=19 REPAIR_VIDEO | out=77.8MB frozen=0 调度器在跑
2026-09-27 21:46:40 active=25 job=19 REPAIR_VIDEO | out=86MB frozen=0 调度器在跑
2026-09-27 21:48:41 active=25 job=19 REPAIR_VIDEO | out=94.3MB frozen=0 调度器在跑
2026-09-27 21:50:41 active=25 job=19 REPAIR_VIDEO | out=103.8MB frozen=0 调度器在跑
2026-09-27 21:52:41 active=25 job=19 REPAIR_VIDEO | out=108.8MB frozen=0 调度器在跑
2026-09-27 21:54:41 active=25 job=20 REPAIR_VIDEO | out=8MB frozen=0 调度器在跑
2026-09-27 21:56:42 active=25 job=20 REPAIR_VIDEO | out=14.5MB frozen=0 调度器在跑
2026-09-27 21:58:42 active=25 job=20 REPAIR_VIDEO | out=24.5MB frozen=0 调度器在跑
2026-09-27 22:00:42 active=25 job=20 REPAIR_VIDEO | out=24.5MB frozen=1 调度器在跑
2026-09-27 22:02:43 active=25 job=20 REPAIR_VIDEO | out=24.5MB frozen=2 调度器在跑
2026-09-27 22:04:43 active=25 job=20 REPAIR_VIDEO | out=24.5MB frozen=3 调度器在跑
2026-09-27 22:06:43 active=25 job=20 REPAIR_VIDEO | out=24.5MB frozen=4 调度器在跑
2026-09-27 22:08:44 active=25 job=20 REPAIR_VIDEO | out=24.5MB 连续 5 次无增长 —— 判定卡死，终止 RVE 并让出队列
2026-09-27 22:08:44   killed pid=44116 python.exe
2026-09-27 22:08:44   killed pid=36672 python.exe
2026-09-27 22:08:44   killed pid=12276 ffmpeg.exe
2026-09-27 22:08:44   killed pid=38036 ffmpeg.exe
2026-09-27 22:10:49 active=25 job=21 REPAIR_VIDEO | out=13MB frozen=0 调度器在跑
2026-09-27 22:12:49 active=25 job=21 REPAIR_VIDEO | out=20.8MB frozen=0 调度器在跑
2026-09-27 22:14:50 active=25 job=21 REPAIR_VIDEO | out=28.8MB frozen=0 调度器在跑
2026-09-27 22:16:50 active=25 job=21 REPAIR_VIDEO | out=36MB frozen=0 调度器在跑
2026-09-27 22:18:50 active=25 job=21 REPAIR_VIDEO | out=41.8MB frozen=0 调度器在跑
2026-09-27 22:20:51 active=25 job=21 REPAIR_VIDEO | out=48.3MB frozen=0 调度器在跑
2026-09-27 22:22:51 active=25 job=21 REPAIR_VIDEO | out=55.8MB frozen=0 调度器在跑
2026-09-27 22:24:51 active=25 job=21 REPAIR_VIDEO | out=65.8MB frozen=0 调度器在跑
2026-09-27 22:26:51 active=25 job=21 TRANSCODE | 调度器在跑（当前无 RVE 进程）
2026-09-27 22:28:52 active=25 job=21 EXPORT | 调度器在跑（当前无 RVE 进程）
2026-09-27 22:30:52 active=25 job=21 EXPORT | 调度器在跑（当前无 RVE 进程）
2026-09-27 22:32:52 active=24 job=22 REPAIR_VIDEO | 调度器在跑（当前无 RVE 进程）
2026-09-27 22:34:53 active=24 job=23 REPAIR_VIDEO | out=5.3MB frozen=0 调度器在跑
2026-09-27 22:36:53 active=24 job=23 REPAIR_VIDEO | out=10.3MB frozen=0 调度器在跑
2026-09-27 22:38:53 active=24 job=23 REPAIR_VIDEO | out=10.3MB frozen=1 调度器在跑
2026-09-27 22:40:54 active=24 job=23 REPAIR_VIDEO | out=10.3MB frozen=2 调度器在跑
2026-09-27 22:42:54 active=24 job=23 REPAIR_VIDEO | out=10.3MB frozen=3 调度器在跑
2026-09-27 22:44:54 active=24 job=23 REPAIR_VIDEO | out=10.3MB frozen=4 调度器在跑
2026-09-27 22:46:54 active=24 job=23 REPAIR_VIDEO | out=10.3MB 连续 5 次无增长 —— 判定卡死，终止 RVE 并让出队列
2026-09-27 22:46:55   killed pid=28916 python.exe
2026-09-27 22:46:55   killed pid=52164 python.exe
2026-09-27 22:46:55   killed pid=53944 ffmpeg.exe
2026-09-27 22:46:55   killed pid=37204 ffmpeg.exe
2026-09-27 22:49:00 active=24 job=24 REPAIR_VIDEO | out=5MB frozen=0 调度器在跑
2026-09-27 22:51:00 active=24 job=24 REPAIR_VIDEO | out=5MB frozen=1 调度器在跑
2026-09-27 22:53:00 active=24 job=24 REPAIR_VIDEO | out=5MB frozen=2 调度器在跑
2026-09-27 22:55:01 active=24 job=24 REPAIR_VIDEO | out=5MB frozen=3 调度器在跑
2026-09-27 22:57:01 active=24 job=24 REPAIR_VIDEO | out=5MB frozen=4 调度器在跑
2026-09-27 22:59:01 active=24 job=24 REPAIR_VIDEO | out=5MB 连续 5 次无增长 —— 判定卡死，终止 RVE 并让出队列
2026-09-27 22:59:01   killed pid=45764 python.exe
2026-09-27 22:59:01   killed pid=35972 python.exe
2026-09-27 22:59:01   killed pid=54700 ffmpeg.exe
2026-09-27 22:59:01   killed pid=34976 ffmpeg.exe
2026-09-27 23:01:07 active=24 job=24 REPAIR_VIDEO | out=-1MB frozen=0 调度器在跑
2026-09-27 23:03:07 active=24 job=24 REPAIR_VIDEO | out=-1MB frozen=0 调度器在跑
2026-09-27 23:05:07 active=24 job=24 REPAIR_VIDEO | out=-1MB frozen=0 调度器在跑
2026-09-27 23:07:08 active=24 job=24 REPAIR_VIDEO | out=-1MB frozen=0 调度器在跑
2026-09-27 23:09:08 active=24 job=24 REPAIR_VIDEO | out=-1MB frozen=0 调度器在跑
2026-09-27 23:11:08 active=24 job=24 REPAIR_VIDEO | out=-1MB frozen=0 调度器在跑
2026-09-27 23:13:08 active=24 job=24 REPAIR_VIDEO | out=-1MB frozen=0 调度器在跑
2026-09-27 23:15:09 active=24 job=24 REPAIR_VIDEO | out=-1MB frozen=0 调度器在跑
2026-09-27 23:17:09 active=24 job=24 REPAIR_VIDEO | out=-1MB frozen=0 调度器在跑
2026-09-27 23:19:09 active=24 job=24 REPAIR_VIDEO | out=-1MB frozen=0 调度器在跑
2026-09-27 23:21:09 active=24 job=24 REPAIR_VIDEO | out=-1MB frozen=0 调度器在跑
2026-09-27 23:23:10 active=24 job=24 REPAIR_VIDEO | out=-1MB frozen=0 调度器在跑
2026-09-27 23:25:10 active=24 job=24 REPAIR_VIDEO | out=-1MB frozen=0 调度器在跑
2026-09-27 23:27:10 active=24 job=24 REPAIR_VIDEO | out=-1MB frozen=0 调度器在跑
2026-09-27 23:29:11 active=24 job=24 REPAIR_VIDEO | out=-1MB frozen=0 调度器在跑
2026-09-27 23:31:11 active=24 job=24 REPAIR_VIDEO | out=-1MB frozen=0 调度器在跑
2026-09-27 23:33:11 active=24 job=24 REPAIR_VIDEO | out=-1MB frozen=0 调度器在跑
2026-09-27 23:35:11 active=24 job=24 REPAIR_VIDEO | out=-1MB frozen=0 调度器在跑
2026-09-27 23:37:12 active=24 job=24 REPAIR_VIDEO | out=-1MB frozen=0 调度器在跑
2026-09-27 23:39:12 active=24 job=24 REPAIR_VIDEO | out=-1MB frozen=0 调度器在跑
2026-09-27 23:41:12 active=24 job=24 REPAIR_VIDEO | out=-1MB frozen=0 调度器在跑
2026-09-27 23:43:13 active=24 job=24 REPAIR_VIDEO | out=-1MB frozen=0 调度器在跑
2026-09-27 23:45:13 active=24 job=24 REPAIR_VIDEO | out=-1MB frozen=0 调度器在跑
2026-09-27 23:47:13 active=24 job=24 REPAIR_VIDEO | out=-1MB frozen=0 调度器在跑
2026-09-27 23:49:13 active=24 job=24 REPAIR_VIDEO | out=-1MB frozen=0 调度器在跑
2026-09-27 23:51:14 active=24 job=24 REPAIR_VIDEO | out=-1MB frozen=0 调度器在跑
2026-09-27 23:53:14 active=24 job=24 REPAIR_VIDEO | out=-1MB frozen=0 调度器在跑
2026-09-27 23:55:14 active=24 job=24 REPAIR_VIDEO | out=-1MB frozen=0 调度器在跑
2026-09-27 23:57:15 active=24 job=24 REPAIR_VIDEO | out=-1MB frozen=0 调度器在跑
2026-09-27 23:59:15 active=24 job=24 REPAIR_VIDEO | out=-1MB frozen=0 调度器在跑
2026-09-28 00:01:15 active=24 job=24 REPAIR_VIDEO | out=-1MB frozen=0 调度器在跑
2026-09-28 00:03:15 active=24 job=24 REPAIR_VIDEO | out=-1MB frozen=0 调度器在跑
2026-09-28 00:05:16 active=24 job=24 REPAIR_VIDEO | out=-1MB frozen=0 调度器在跑
2026-09-28 00:07:16 active=24 job=24 REPAIR_VIDEO | out=-1MB frozen=0 调度器在跑
2026-09-28 00:09:16 active=24 job=24 REPAIR_VIDEO | out=-1MB frozen=0 调度器在跑
2026-09-28 00:11:17 active=24 job=24 REPAIR_VIDEO | out=-1MB frozen=0 调度器在跑
2026-09-28 00:13:17 active=24 job=24 REPAIR_VIDEO | out=-1MB frozen=0 调度器在跑
2026-09-28 00:15:17 active=24 job=24 REPAIR_VIDEO | out=-1MB frozen=0 调度器在跑
2026-09-28 00:17:18 active=24 job=24 REPAIR_VIDEO | out=-1MB frozen=0 调度器在跑
2026-09-28 00:19:18 active=24 job=24 REPAIR_VIDEO | out=-1MB frozen=0 调度器在跑
2026-09-28 00:21:18 active=24 job=24 REPAIR_VIDEO | out=-1MB frozen=0 调度器在跑
2026-09-28 00:23:18 active=24 job=24 REPAIR_VIDEO | out=-1MB frozen=0 调度器在跑
2026-09-28 00:25:19 active=24 job=24 REPAIR_VIDEO | out=-1MB frozen=0 调度器在跑
2026-09-28 00:27:19 active=24 job=24 REPAIR_VIDEO | out=-1MB frozen=0 调度器在跑
2026-09-28 00:29:19 active=24 job=24 REPAIR_VIDEO | out=-1MB frozen=0 调度器在跑
2026-09-28 00:31:20 active=24 job=24 REPAIR_VIDEO | out=-1MB frozen=0 调度器在跑
2026-09-28 00:33:20 active=24 job=24 REPAIR_VIDEO | out=-1MB frozen=0 调度器在跑
2026-09-28 00:35:20 active=24 job=24 REPAIR_VIDEO | out=-1MB frozen=0 调度器在跑
2026-09-28 00:37:20 active=24 job=24 REPAIR_VIDEO | out=-1MB frozen=0 调度器在跑
2026-09-28 00:39:21 active=24 job=24 REPAIR_VIDEO | out=-1MB frozen=0 调度器在跑
2026-09-28 00:42:39 守护启动：interval=120s stall=5 次
2026-09-28 00:42:39 PATH 已加入 E:\WorkBuddy\video-transfer-tools\video_pipeline\.tools\ffmpeg
2026-09-28 00:42:39 active=24 job=24 REPAIR_VIDEO | out=-1MB —— 调度器已不在，清理孤儿进程后重启
2026-09-28 00:44:44 active=24 job=25 REPAIR_VIDEO | 调度器在跑（当前无 RVE 进程）
2026-09-28 00:46:45 active=24 job=26 REPAIR_VIDEO | out=5.3MB frozen=0 调度器在跑
2026-09-28 00:48:45 active=24 job=26 REPAIR_VIDEO | out=11.8MB frozen=0 调度器在跑
2026-09-28 00:50:45 active=24 job=26 REPAIR_VIDEO | out=15MB frozen=0 调度器在跑
2026-09-28 00:52:45 active=24 job=26 REPAIR_VIDEO | out=15MB frozen=1 调度器在跑
2026-09-28 00:53:37 守护启动：interval=120s stall=5 次
2026-09-28 00:53:37 PATH 已加入 E:\WorkBuddy\video-transfer-tools\video_pipeline\.tools\ffmpeg
2026-09-28 00:53:37 active=24 job=26 REPAIR_VIDEO | out=-1MB —— 调度器已不在，清理孤儿进程后重启
2026-09-28 00:55:43 active=24 job=26 REPAIR_VIDEO | out=6.5MB frozen=0 调度器在跑
2026-09-28 00:57:43 active=24 job=26 REPAIR_VIDEO | out=11.5MB frozen=0 调度器在跑
2026-09-28 00:59:43 active=24 job=26 REPAIR_VIDEO | out=16.3MB frozen=0 调度器在跑
2026-09-28 01:01:43 active=24 job=26 REPAIR_VIDEO | out=20.8MB frozen=0 调度器在跑
2026-09-28 01:03:44 active=24 job=26 REPAIR_VIDEO | out=24.8MB frozen=0 调度器在跑
2026-09-28 01:05:44 active=24 job=26 REPAIR_VIDEO | out=35.5MB frozen=0 调度器在跑
2026-09-28 01:07:44 active=24 job=26 REPAIR_VIDEO | out=39.5MB frozen=0 调度器在跑
2026-09-28 01:09:45 active=24 job=26 REPAIR_VIDEO | out=43.8MB frozen=0 调度器在跑
2026-09-28 01:11:45 active=24 job=26 REPAIR_VIDEO | out=48.3MB frozen=0 调度器在跑
2026-09-28 01:13:45 active=24 job=26 REPAIR_VIDEO | out=53MB frozen=0 调度器在跑
2026-09-28 01:15:45 active=24 job=26 REPAIR_VIDEO | out=57.5MB frozen=0 调度器在跑
2026-09-28 01:17:46 active=24 job=26 REPAIR_VIDEO | out=61.8MB frozen=0 调度器在跑
2026-09-28 01:19:46 active=24 job=26 REPAIR_VIDEO | out=66.8MB frozen=0 调度器在跑
2026-09-28 01:21:46 active=24 job=26 REPAIR_VIDEO | out=71.5MB frozen=0 调度器在跑
2026-09-28 01:23:46 active=24 job=26 REPAIR_VIDEO | out=77.3MB frozen=0 调度器在跑
2026-09-28 01:25:47 active=24 job=26 REPAIR_VIDEO | out=81.5MB frozen=0 调度器在跑
2026-09-28 01:27:47 active=24 job=26 REPAIR_VIDEO | out=86MB frozen=0 调度器在跑
2026-09-28 01:29:47 active=24 job=26 REPAIR_VIDEO | out=91.3MB frozen=0 调度器在跑
2026-09-28 01:31:48 active=24 job=26 REPAIR_VIDEO | out=96MB frozen=0 调度器在跑
2026-09-28 01:33:48 active=24 job=26 REPAIR_VIDEO | out=100.3MB frozen=0 调度器在跑
2026-09-28 01:35:48 active=24 job=26 REPAIR_VIDEO | out=106.3MB frozen=0 调度器在跑
2026-09-28 01:37:48 active=24 job=26 REPAIR_VIDEO | out=112.8MB frozen=0 调度器在跑
2026-09-28 01:39:49 active=24 job=26 TRANSCODE | 调度器在跑（当前无 RVE 进程）
2026-09-28 01:41:49 active=24 job=26 TRANSCODE | 调度器在跑（当前无 RVE 进程）
2026-09-28 01:43:49 active=24 job=26 EXPORT | 调度器在跑（当前无 RVE 进程）
2026-09-28 01:45:49 active=24 job=26 EXPORT | 调度器在跑（当前无 RVE 进程）
2026-09-28 01:47:50 active=23 job=27 REPAIR_VIDEO | out=1MB frozen=0 调度器在跑
2026-09-28 01:49:50 active=23 job=28 REPAIR_VIDEO | out=1.5MB frozen=0 调度器在跑
2026-09-28 01:51:50 active=23 job=28 REPAIR_VIDEO | out=8.5MB frozen=0 调度器在跑
2026-09-28 01:53:51 active=23 job=28 REPAIR_VIDEO | out=12.3MB frozen=0 调度器在跑
2026-09-28 01:55:51 active=23 job=28 REPAIR_VIDEO | out=15.8MB frozen=0 调度器在跑
2026-09-28 01:57:51 active=23 job=28 REPAIR_VIDEO | out=26.8MB frozen=0 调度器在跑
2026-09-28 01:59:52 active=23 job=28 REPAIR_VIDEO | out=31MB frozen=0 调度器在跑
2026-09-28 02:01:52 active=23 job=28 REPAIR_VIDEO | out=35.8MB frozen=0 调度器在跑
2026-09-28 02:03:52 active=23 job=28 REPAIR_VIDEO | out=40MB frozen=0 调度器在跑
2026-09-28 02:05:53 active=23 job=28 REPAIR_VIDEO | out=44.3MB frozen=0 调度器在跑
2026-09-28 02:07:53 active=23 job=28 REPAIR_VIDEO | out=48.3MB frozen=0 调度器在跑
2026-09-28 02:09:53 active=23 job=28 REPAIR_VIDEO | out=56.5MB frozen=0 调度器在跑
2026-09-28 02:11:53 active=23 job=28 REPAIR_VIDEO | out=61MB frozen=0 调度器在跑
2026-09-28 02:13:54 active=23 job=28 REPAIR_VIDEO | out=64.8MB frozen=0 调度器在跑
2026-09-28 02:15:54 active=23 job=28 REPAIR_VIDEO | out=71.5MB frozen=0 调度器在跑
2026-09-28 02:17:54 active=23 job=28 REPAIR_VIDEO | out=81MB frozen=0 调度器在跑
2026-09-28 02:19:54 active=23 job=28 TRANSCODE | 调度器在跑（当前无 RVE 进程）
2026-09-28 02:21:55 active=23 job=28 EXPORT | 调度器在跑（当前无 RVE 进程）
2026-09-28 02:23:55 active=22 job=29 REPAIR_VIDEO | out=1.3MB frozen=0 调度器在跑
2026-09-28 02:25:55 active=22 job=29 REPAIR_VIDEO | out=9.8MB frozen=0 调度器在跑
2026-09-28 02:27:55 active=22 job=29 REPAIR_VIDEO | out=29.5MB frozen=0 调度器在跑
2026-09-28 02:29:56 active=22 job=29 REPAIR_VIDEO | out=35.3MB frozen=0 调度器在跑
2026-09-28 02:31:56 active=22 job=29 REPAIR_VIDEO | out=39.3MB frozen=0 调度器在跑
2026-09-28 02:33:56 active=22 job=29 REPAIR_VIDEO | out=42.8MB frozen=0 调度器在跑
2026-09-28 02:35:57 active=22 job=29 REPAIR_VIDEO | out=47.3MB frozen=0 调度器在跑
2026-09-28 02:37:57 active=22 job=29 REPAIR_VIDEO | out=52MB frozen=0 调度器在跑
2026-09-28 02:39:57 active=22 job=29 REPAIR_VIDEO | out=56.8MB frozen=0 调度器在跑
2026-09-28 02:41:57 active=22 job=29 REPAIR_VIDEO | out=61MB frozen=0 调度器在跑
2026-09-28 02:43:58 active=22 job=29 REPAIR_VIDEO | out=65.3MB frozen=0 调度器在跑
2026-09-28 02:45:58 active=22 job=29 REPAIR_VIDEO | out=70MB frozen=0 调度器在跑
2026-09-28 02:47:58 active=22 job=29 REPAIR_VIDEO | out=78MB frozen=0 调度器在跑
2026-09-28 02:49:59 active=22 job=29 REPAIR_VIDEO | out=81.8MB frozen=0 调度器在跑
2026-09-28 02:51:59 active=22 job=29 REPAIR_VIDEO | out=86.5MB frozen=0 调度器在跑
2026-09-28 02:53:59 active=22 job=29 REPAIR_VIDEO | out=91.3MB frozen=0 调度器在跑
2026-09-28 02:55:59 active=22 job=29 REPAIR_VIDEO | out=95MB frozen=0 调度器在跑
2026-09-28 02:57:59 active=22 job=29 REPAIR_VIDEO | out=99.5MB frozen=0 调度器在跑
2026-09-28 03:00:00 active=22 job=29 REPAIR_VIDEO | out=104MB frozen=0 调度器在跑
2026-09-28 03:02:00 active=22 job=29 REPAIR_VIDEO | out=108.3MB frozen=0 调度器在跑
2026-09-28 03:04:00 active=22 job=29 REPAIR_VIDEO | out=112.5MB frozen=0 调度器在跑
2026-09-28 03:06:01 active=22 job=29 REPAIR_VIDEO | out=121.5MB frozen=0 调度器在跑
2026-09-28 03:08:01 active=22 job=29 TRANSCODE | 调度器在跑（当前无 RVE 进程）
2026-09-28 03:10:01 active=22 job=29 TRANSCODE | 调度器在跑（当前无 RVE 进程）
2026-09-28 03:12:01 active=22 job=29 EXPORT | 调度器在跑（当前无 RVE 进程）
2026-09-28 03:14:02 active=22 job=29 EXPORT | 调度器在跑（当前无 RVE 进程）
2026-09-28 03:16:02 active=21 job=30 REPAIR_VIDEO | out=5.5MB frozen=0 调度器在跑
2026-09-28 03:18:02 active=21 job=30 REPAIR_VIDEO | out=11.8MB frozen=0 调度器在跑
2026-09-28 03:20:02 active=21 job=30 REPAIR_VIDEO | out=16MB frozen=0 调度器在跑
2026-09-28 03:22:02 active=21 job=30 REPAIR_VIDEO | out=22.3MB frozen=0 调度器在跑
2026-09-28 03:24:03 active=21 job=30 REPAIR_VIDEO | out=28MB frozen=0 调度器在跑
2026-09-28 03:26:03 active=21 job=30 REPAIR_VIDEO | out=32.3MB frozen=0 调度器在跑
2026-09-28 03:28:03 active=21 job=30 REPAIR_VIDEO | out=36.3MB frozen=0 调度器在跑
2026-09-28 03:30:04 active=21 job=30 REPAIR_VIDEO | out=40.5MB frozen=0 调度器在跑
2026-09-28 03:32:04 active=21 job=30 REPAIR_VIDEO | out=44.8MB frozen=0 调度器在跑
2026-09-28 03:34:04 active=21 job=30 REPAIR_VIDEO | out=50MB frozen=0 调度器在跑
2026-09-28 03:36:04 active=21 job=30 REPAIR_VIDEO | out=57.8MB frozen=0 调度器在跑
2026-09-28 03:38:04 active=21 job=30 REPAIR_VIDEO | out=65MB frozen=0 调度器在跑
2026-09-28 03:40:05 active=21 job=30 TRANSCODE | 调度器在跑（当前无 RVE 进程）
2026-09-28 03:42:05 active=21 job=30 TRANSCODE | 调度器在跑（当前无 RVE 进程）
2026-09-28 03:44:05 active=21 job=30 EXPORT | 调度器在跑（当前无 RVE 进程）
2026-09-28 03:46:05 active=20 job=31 REPAIR_VIDEO | out=6.5MB frozen=0 调度器在跑
2026-09-28 03:48:06 active=20 job=31 REPAIR_VIDEO | out=12MB frozen=0 调度器在跑
2026-09-28 03:50:06 active=20 job=31 REPAIR_VIDEO | out=27.3MB frozen=0 调度器在跑
2026-09-28 03:52:06 active=20 job=31 REPAIR_VIDEO | out=37.5MB frozen=0 调度器在跑
2026-09-28 03:54:07 active=20 job=31 REPAIR_VIDEO | out=42MB frozen=0 调度器在跑
2026-09-28 03:56:07 active=20 job=31 REPAIR_VIDEO | out=46.5MB frozen=0 调度器在跑
2026-09-28 03:58:07 active=20 job=31 REPAIR_VIDEO | out=51.8MB frozen=0 调度器在跑
2026-09-28 04:00:07 active=20 job=31 REPAIR_VIDEO | out=56.8MB frozen=0 调度器在跑
2026-09-28 04:02:08 active=20 job=31 REPAIR_VIDEO | out=61.8MB frozen=0 调度器在跑
2026-09-28 04:04:08 active=20 job=31 REPAIR_VIDEO | out=67.8MB frozen=0 调度器在跑
2026-09-28 04:06:08 active=20 job=31 REPAIR_VIDEO | out=74.5MB frozen=0 调度器在跑
2026-09-28 04:08:08 active=20 job=31 REPAIR_VIDEO | out=83.8MB frozen=0 调度器在跑
2026-09-28 04:10:09 active=20 job=31 REPAIR_VIDEO | out=88.5MB frozen=0 调度器在跑
2026-09-28 04:12:09 active=20 job=31 REPAIR_VIDEO | out=92.5MB frozen=0 调度器在跑
2026-09-28 04:14:09 active=20 job=31 REPAIR_VIDEO | out=97MB frozen=0 调度器在跑
2026-09-28 04:16:09 active=20 job=31 REPAIR_VIDEO | out=102.5MB frozen=0 调度器在跑
2026-09-28 04:18:10 active=20 job=31 REPAIR_VIDEO | out=107.3MB frozen=0 调度器在跑
2026-09-28 04:20:10 active=20 job=31 REPAIR_VIDEO | out=111.8MB frozen=0 调度器在跑
2026-09-28 04:22:10 active=20 job=31 REPAIR_VIDEO | out=118.3MB frozen=0 调度器在跑
2026-09-28 04:24:10 active=20 job=31 TRANSCODE | 调度器在跑（当前无 RVE 进程）
2026-09-28 04:26:11 active=20 job=31 TRANSCODE | 调度器在跑（当前无 RVE 进程）
2026-09-28 04:28:11 active=20 job=31 EXPORT | 调度器在跑（当前无 RVE 进程）
2026-09-28 04:30:11 active=20 job=31 EXPORT | 调度器在跑（当前无 RVE 进程）
2026-09-28 04:32:11 active=19 job=32 REPAIR_VIDEO | out=6MB frozen=0 调度器在跑
2026-09-28 04:34:12 active=19 job=32 REPAIR_VIDEO | out=9.3MB frozen=0 调度器在跑
2026-09-28 04:36:12 active=19 job=32 REPAIR_VIDEO | out=13.5MB frozen=0 调度器在跑
2026-09-28 04:38:12 active=19 job=32 REPAIR_VIDEO | out=18.5MB frozen=0 调度器在跑
2026-09-28 04:40:12 active=19 job=32 REPAIR_VIDEO | out=22.8MB frozen=0 调度器在跑
2026-09-28 04:42:13 active=19 job=32 REPAIR_VIDEO | out=27.8MB frozen=0 调度器在跑
2026-09-28 04:44:13 active=19 job=32 REPAIR_VIDEO | out=32.5MB frozen=0 调度器在跑
2026-09-28 04:46:13 active=19 job=32 REPAIR_VIDEO | out=37.3MB frozen=0 调度器在跑
2026-09-28 04:48:13 active=19 job=32 REPAIR_VIDEO | out=42MB frozen=0 调度器在跑
2026-09-28 04:50:14 active=19 job=32 REPAIR_VIDEO | out=46.8MB frozen=0 调度器在跑
2026-09-28 04:52:14 active=19 job=32 REPAIR_VIDEO | out=51MB frozen=0 调度器在跑
2026-09-28 04:54:14 active=19 job=32 REPAIR_VIDEO | out=59MB frozen=0 调度器在跑
2026-09-28 04:56:15 active=19 job=32 REPAIR_VIDEO | out=64MB frozen=0 调度器在跑
2026-09-28 04:58:15 active=19 job=32 REPAIR_VIDEO | out=68.5MB frozen=0 调度器在跑
2026-09-28 05:00:15 active=19 job=32 REPAIR_VIDEO | out=73.5MB frozen=0 调度器在跑
2026-09-28 05:02:15 active=19 job=32 REPAIR_VIDEO | out=78.5MB frozen=0 调度器在跑
2026-09-28 05:04:16 active=19 job=32 REPAIR_VIDEO | out=83.3MB frozen=0 调度器在跑
2026-09-28 05:06:16 active=19 job=32 REPAIR_VIDEO | out=90.5MB frozen=0 调度器在跑
2026-09-28 05:08:16 active=19 job=32 TRANSCODE | 调度器在跑（当前无 RVE 进程）
2026-09-28 05:10:16 active=19 job=32 EXPORT | 调度器在跑（当前无 RVE 进程）
2026-09-28 05:12:17 active=19 job=32 EXPORT | 调度器在跑（当前无 RVE 进程）
2026-09-28 05:14:17 active=18 job=33 REPAIR_VIDEO | out=6MB frozen=0 调度器在跑
2026-09-28 05:16:17 active=18 job=33 REPAIR_VIDEO | out=13.5MB frozen=0 调度器在跑
2026-09-28 05:18:17 active=18 job=33 REPAIR_VIDEO | out=21.3MB frozen=0 调度器在跑
2026-09-28 05:20:18 active=18 job=33 REPAIR_VIDEO | out=26MB frozen=0 调度器在跑
2026-09-28 05:22:18 active=18 job=33 REPAIR_VIDEO | out=31MB frozen=0 调度器在跑
2026-09-28 05:24:18 active=18 job=33 REPAIR_VIDEO | out=35MB frozen=0 调度器在跑
2026-09-28 05:26:18 active=18 job=33 REPAIR_VIDEO | out=41.8MB frozen=0 调度器在跑
2026-09-28 05:28:19 active=18 job=33 REPAIR_VIDEO | out=46.5MB frozen=0 调度器在跑
2026-09-28 05:30:19 active=18 job=33 REPAIR_VIDEO | out=51MB frozen=0 调度器在跑
2026-09-28 05:32:19 active=18 job=33 REPAIR_VIDEO | out=55.3MB frozen=0 调度器在跑
2026-09-28 05:34:20 active=18 job=33 REPAIR_VIDEO | out=59.5MB frozen=0 调度器在跑
2026-09-28 05:36:20 active=18 job=33 REPAIR_VIDEO | out=64MB frozen=0 调度器在跑
2026-09-28 05:38:20 active=18 job=33 REPAIR_VIDEO | out=68.5MB frozen=0 调度器在跑
2026-09-28 05:40:20 active=18 job=33 REPAIR_VIDEO | out=72.8MB frozen=0 调度器在跑
2026-09-28 05:42:21 active=18 job=33 REPAIR_VIDEO | out=77.8MB frozen=0 调度器在跑
2026-09-28 05:44:21 active=18 job=33 REPAIR_VIDEO | out=88.8MB frozen=0 调度器在跑
2026-09-28 05:46:21 active=18 job=33 TRANSCODE | 调度器在跑（当前无 RVE 进程）
2026-09-28 05:48:21 active=18 job=33 EXPORT | 调度器在跑（当前无 RVE 进程）
2026-09-28 05:50:22 active=18 job=33 EXPORT | 调度器在跑（当前无 RVE 进程）
2026-09-28 05:52:22 active=17 job=34 REPAIR_VIDEO | out=5.5MB frozen=0 调度器在跑
2026-09-28 05:54:22 active=17 job=34 REPAIR_VIDEO | out=10.8MB frozen=0 调度器在跑
2026-09-28 05:56:23 active=17 job=34 REPAIR_VIDEO | out=15MB frozen=0 调度器在跑
2026-09-28 05:58:23 active=17 job=34 REPAIR_VIDEO | out=19.3MB frozen=0 调度器在跑
2026-09-28 06:00:23 active=17 job=34 REPAIR_VIDEO | out=27.3MB frozen=0 调度器在跑
2026-09-28 06:02:23 active=17 job=34 REPAIR_VIDEO | out=36.3MB frozen=0 调度器在跑
2026-09-28 06:04:24 active=17 job=34 REPAIR_VIDEO | out=40.8MB frozen=0 调度器在跑
2026-09-28 06:06:24 active=17 job=34 REPAIR_VIDEO | out=44.8MB frozen=0 调度器在跑
2026-09-28 06:08:24 active=17 job=34 REPAIR_VIDEO | out=49.8MB frozen=0 调度器在跑
2026-09-28 06:10:24 active=17 job=34 REPAIR_VIDEO | out=62MB frozen=0 调度器在跑
2026-09-28 06:12:25 active=17 job=34 REPAIR_VIDEO | out=65.8MB frozen=0 调度器在跑
2026-09-28 06:14:25 active=17 job=34 REPAIR_VIDEO | out=70MB frozen=0 调度器在跑
2026-09-28 06:16:25 active=17 job=34 REPAIR_VIDEO | out=75MB frozen=0 调度器在跑
2026-09-28 06:18:25 active=17 job=34 REPAIR_VIDEO | out=81.5MB frozen=0 调度器在跑
2026-09-28 06:20:26 active=17 job=34 REPAIR_VIDEO | out=86.5MB frozen=0 调度器在跑
2026-09-28 06:22:26 active=17 job=34 REPAIR_VIDEO | out=91MB frozen=0 调度器在跑
2026-09-28 06:24:26 active=17 job=34 REPAIR_VIDEO | out=95.5MB frozen=0 调度器在跑
2026-09-28 06:26:26 active=17 job=34 REPAIR_VIDEO | out=102.5MB frozen=0 调度器在跑
2026-09-28 06:28:27 active=17 job=34 REPAIR_VIDEO | out=106.5MB frozen=0 调度器在跑
2026-09-28 06:30:27 active=17 job=34 TRANSCODE | 调度器在跑（当前无 RVE 进程）
2026-09-28 06:32:27 active=17 job=34 TRANSCODE | 调度器在跑（当前无 RVE 进程）
2026-09-28 06:34:27 active=17 job=34 EXPORT | 调度器在跑（当前无 RVE 进程）
2026-09-28 06:36:28 active=17 job=34 EXPORT | 调度器在跑（当前无 RVE 进程）
2026-09-28 06:38:28 active=16 job=35 REPAIR_VIDEO | out=5MB frozen=0 调度器在跑
2026-09-28 06:40:28 active=16 job=35 REPAIR_VIDEO | out=10MB frozen=0 调度器在跑
2026-09-28 06:42:29 active=16 job=35 REPAIR_VIDEO | out=15MB frozen=0 调度器在跑
2026-09-28 06:44:29 active=16 job=35 REPAIR_VIDEO | out=19.3MB frozen=0 调度器在跑
2026-09-28 06:46:29 active=16 job=35 REPAIR_VIDEO | out=23.8MB frozen=0 调度器在跑
2026-09-28 06:48:29 active=16 job=35 REPAIR_VIDEO | out=28.3MB frozen=0 调度器在跑
2026-09-28 06:50:30 active=16 job=35 REPAIR_VIDEO | out=33.3MB frozen=0 调度器在跑
2026-09-28 06:52:30 active=16 job=35 REPAIR_VIDEO | out=37.5MB frozen=0 调度器在跑
2026-09-28 06:54:30 active=16 job=35 REPAIR_VIDEO | out=47MB frozen=0 调度器在跑
2026-09-28 06:56:30 active=16 job=35 REPAIR_VIDEO | out=52.5MB frozen=0 调度器在跑
2026-09-28 06:58:31 active=16 job=35 REPAIR_VIDEO | out=56.8MB frozen=0 调度器在跑
2026-09-28 07:00:31 active=16 job=35 REPAIR_VIDEO | out=61.8MB frozen=0 调度器在跑
2026-09-28 07:02:31 active=16 job=35 REPAIR_VIDEO | out=66.8MB frozen=0 调度器在跑
2026-09-28 07:04:31 active=16 job=35 REPAIR_VIDEO | out=71.8MB frozen=0 调度器在跑
2026-09-28 07:06:32 active=16 job=35 REPAIR_VIDEO | out=76.5MB frozen=0 调度器在跑
2026-09-28 07:08:32 active=16 job=35 REPAIR_VIDEO | out=80.5MB frozen=0 调度器在跑
2026-09-28 07:10:32 active=16 job=35 REPAIR_VIDEO | out=86.3MB frozen=0 调度器在跑
2026-09-28 07:12:32 active=16 job=35 TRANSCODE | 调度器在跑（当前无 RVE 进程）
2026-09-28 07:14:33 active=16 job=35 EXPORT | 调度器在跑（当前无 RVE 进程）
2026-09-28 07:16:33 active=16 job=35 EXPORT | 调度器在跑（当前无 RVE 进程）
2026-09-28 07:18:33 active=15 job=36 REPAIR_VIDEO | out=8.5MB frozen=0 调度器在跑
2026-09-28 07:20:33 active=15 job=36 REPAIR_VIDEO | out=13.3MB frozen=0 调度器在跑
2026-09-28 07:22:34 active=15 job=36 REPAIR_VIDEO | out=17.3MB frozen=0 调度器在跑
2026-09-28 07:24:34 active=15 job=36 REPAIR_VIDEO | out=25.3MB frozen=0 调度器在跑
2026-09-28 07:26:34 active=15 job=36 REPAIR_VIDEO | out=29.8MB frozen=0 调度器在跑
2026-09-28 07:28:34 active=15 job=36 REPAIR_VIDEO | out=35MB frozen=0 调度器在跑
2026-09-28 07:30:35 active=15 job=36 REPAIR_VIDEO | out=39.5MB frozen=0 调度器在跑
2026-09-28 07:32:35 active=15 job=36 REPAIR_VIDEO | out=45.5MB frozen=0 调度器在跑
2026-09-28 07:34:35 active=15 job=36 REPAIR_VIDEO | out=50.5MB frozen=0 调度器在跑
2026-09-28 07:36:36 active=15 job=36 REPAIR_VIDEO | out=55.8MB frozen=0 调度器在跑
2026-09-28 07:38:36 active=15 job=36 REPAIR_VIDEO | out=68MB frozen=0 调度器在跑
2026-09-28 07:40:36 active=15 job=36 TRANSCODE | 调度器在跑（当前无 RVE 进程）
2026-09-28 07:42:36 active=15 job=36 EXPORT | 调度器在跑（当前无 RVE 进程）
2026-09-28 07:44:37 active=14 job=37 REPAIR_VIDEO | out=7.3MB frozen=0 调度器在跑
2026-09-28 07:46:37 active=14 job=37 REPAIR_VIDEO | out=11.5MB frozen=0 调度器在跑
2026-09-28 07:48:37 active=14 job=37 REPAIR_VIDEO | out=17.3MB frozen=0 调度器在跑
2026-09-28 07:50:37 active=14 job=37 REPAIR_VIDEO | out=26MB frozen=0 调度器在跑
2026-09-28 07:52:38 active=14 job=37 REPAIR_VIDEO | out=37.8MB frozen=0 调度器在跑
2026-09-28 07:54:38 active=14 job=37 REPAIR_VIDEO | out=43MB frozen=0 调度器在跑
2026-09-28 07:56:38 active=14 job=37 REPAIR_VIDEO | out=47.5MB frozen=0 调度器在跑
2026-09-28 07:58:39 active=14 job=37 REPAIR_VIDEO | out=52.3MB frozen=0 调度器在跑
2026-09-28 08:00:39 active=14 job=37 REPAIR_VIDEO | out=57MB frozen=0 调度器在跑
2026-09-28 08:02:39 active=14 job=37 REPAIR_VIDEO | out=65.3MB frozen=0 调度器在跑
2026-09-28 08:04:39 active=14 job=37 REPAIR_VIDEO | out=71MB frozen=0 调度器在跑
2026-09-28 08:06:40 active=14 job=37 REPAIR_VIDEO | out=79.5MB frozen=0 调度器在跑
2026-09-28 08:08:40 active=14 job=37 REPAIR_VIDEO | out=84MB frozen=0 调度器在跑
2026-09-28 08:10:40 active=14 job=37 REPAIR_VIDEO | out=88MB frozen=0 调度器在跑
2026-09-28 08:12:40 active=14 job=37 REPAIR_VIDEO | out=93.8MB frozen=0 调度器在跑
2026-09-28 08:14:41 active=14 job=37 REPAIR_VIDEO | out=98.5MB frozen=0 调度器在跑
2026-09-28 08:16:41 active=14 job=37 REPAIR_VIDEO | out=108.3MB frozen=0 调度器在跑
2026-09-28 08:18:41 active=14 job=37 TRANSCODE | 调度器在跑（当前无 RVE 进程）
2026-09-28 08:20:42 active=14 job=37 EXPORT | 调度器在跑（当前无 RVE 进程）
2026-09-28 08:22:42 active=14 job=37 EXPORT | 调度器在跑（当前无 RVE 进程）
2026-09-28 08:24:42 active=13 job=38 REPAIR_VIDEO | out=4MB frozen=0 调度器在跑
2026-09-28 08:26:42 active=13 job=38 REPAIR_VIDEO | out=9.3MB frozen=0 调度器在跑
2026-09-28 08:28:43 active=13 job=38 REPAIR_VIDEO | out=13.5MB frozen=0 调度器在跑
2026-09-28 08:30:43 active=13 job=38 REPAIR_VIDEO | out=19.5MB frozen=0 调度器在跑
2026-09-28 08:31:39 守护启动：interval=300s stall=3 次
2026-09-28 08:31:39 PATH 已加入 E:\WorkBuddy\video-transfer-tools\video_pipeline\.tools\ffmpeg
2026-09-28 08:31:40 active=13 job=38 REPAIR_VIDEO | out=23.3MB frozen=0 调度器在跑
2026-09-28 08:36:40 active=13 job=38 REPAIR_VIDEO | out=39MB frozen=0 调度器在跑
2026-09-28 08:41:40 active=13 job=38 REPAIR_VIDEO | out=52.3MB frozen=0 调度器在跑
2026-09-28 08:46:41 active=13 job=38 REPAIR_VIDEO | out=64.5MB frozen=0 调度器在跑
2026-09-28 08:51:41 active=13 job=38 TRANSCODE | 调度器在跑（当前无 RVE 进程）
2026-09-28 08:56:41 active=13 job=38 EXPORT | 调度器在跑（当前无 RVE 进程）
2026-09-28 09:01:41 active=12 job=39 REPAIR_VIDEO | out=10.5MB frozen=0 调度器在跑
2026-09-28 09:06:42 active=12 job=39 REPAIR_VIDEO | out=21.8MB frozen=0 调度器在跑
2026-09-28 09:11:42 active=12 job=39 REPAIR_VIDEO | out=31.8MB frozen=0 调度器在跑
2026-09-28 09:16:42 active=12 job=39 REPAIR_VIDEO | out=41.5MB frozen=0 调度器在跑
2026-09-28 09:21:43 active=12 job=39 REPAIR_VIDEO | out=51.5MB frozen=0 调度器在跑
2026-09-28 09:26:43 active=12 job=39 REPAIR_VIDEO | out=63MB frozen=0 调度器在跑
2026-09-28 09:31:43 active=12 job=39 REPAIR_VIDEO | out=74.5MB frozen=0 调度器在跑
2026-09-28 09:36:43 active=12 job=39 TRANSCODE | 调度器在跑（当前无 RVE 进程）
2026-09-28 09:41:44 active=12 job=39 EXPORT | 调度器在跑（当前无 RVE 进程）
2026-09-28 09:46:44 active=11 job=40 REPAIR_VIDEO | out=4.3MB frozen=0 调度器在跑
2026-09-28 09:51:44 active=11 job=40 REPAIR_VIDEO | out=16.3MB frozen=0 调度器在跑
2026-09-28 09:56:45 active=11 job=40 REPAIR_VIDEO | out=26MB frozen=0 调度器在跑
2026-09-28 10:01:45 active=11 job=40 REPAIR_VIDEO | out=42.3MB frozen=0 调度器在跑
2026-09-28 10:06:45 active=11 job=40 REPAIR_VIDEO | out=52.3MB frozen=0 调度器在跑
2026-09-28 10:11:46 active=11 job=40 REPAIR_VIDEO | out=62.8MB frozen=0 调度器在跑
2026-09-28 10:16:46 active=11 job=40 TRANSCODE | 调度器在跑（当前无 RVE 进程）
2026-09-28 10:21:46 active=11 job=40 EXPORT | 调度器在跑（当前无 RVE 进程）
2026-09-28 10:26:46 active=10 job=41 REPAIR_VIDEO | out=11.8MB frozen=0 调度器在跑
2026-09-28 10:31:47 active=10 job=41 REPAIR_VIDEO | out=27.5MB frozen=0 调度器在跑
2026-09-28 10:36:47 active=10 job=41 REPAIR_VIDEO | out=38.3MB frozen=0 调度器在跑
2026-09-28 10:41:47 active=10 job=41 REPAIR_VIDEO | out=53.8MB frozen=0 调度器在跑
2026-09-28 10:46:48 active=10 job=41 REPAIR_VIDEO | out=66.8MB frozen=0 调度器在跑
2026-09-28 10:51:48 active=10 job=41 REPAIR_VIDEO | out=88.5MB frozen=0 调度器在跑
2026-09-28 10:56:48 active=10 job=41 REPAIR_VIDEO | out=99.3MB frozen=0 调度器在跑
2026-09-28 11:01:48 active=10 job=41 REPAIR_VIDEO | out=120.8MB frozen=0 调度器在跑
2026-09-28 11:06:49 active=10 job=41 TRANSCODE | 调度器在跑（当前无 RVE 进程）
2026-09-28 11:11:49 active=10 job=41 EXPORT | 调度器在跑（当前无 RVE 进程）
2026-09-28 11:16:49 active=10 job=41 EXPORT | 调度器在跑（当前无 RVE 进程）
2026-09-28 11:21:50 active=9 job=42 REPAIR_VIDEO | out=9.8MB frozen=0 调度器在跑
2026-09-28 11:26:50 active=9 job=42 REPAIR_VIDEO | out=19.8MB frozen=0 调度器在跑
2026-09-28 11:31:50 active=9 job=43 REPAIR_VIDEO | out=37.3MB frozen=0 调度器在跑
2026-09-28 11:36:53 active=9 job=43 REPAIR_VIDEO | out=74.5MB frozen=0 调度器在跑
2026-09-28 11:41:53 active=9 job=43 REPAIR_VIDEO | out=82.8MB frozen=0 调度器在跑
2026-09-28 11:46:53 active=9 job=43 REPAIR_VIDEO | out=90.5MB frozen=0 调度器在跑
2026-09-28 11:51:54 active=9 job=43 REPAIR_VIDEO | out=98MB frozen=0 调度器在跑
2026-09-28 11:56:54 active=9 job=43 REPAIR_VIDEO | out=104.8MB frozen=0 调度器在跑
2026-09-28 12:01:54 active=9 job=43 REPAIR_VIDEO | out=111MB frozen=0 调度器在跑
2026-09-28 12:06:55 active=9 job=43 REPAIR_VIDEO | out=117MB frozen=0 调度器在跑
2026-09-28 12:11:55 active=9 job=43 REPAIR_VIDEO | out=124MB frozen=0 调度器在跑
2026-09-28 12:16:55 active=9 job=43 REPAIR_VIDEO | out=130MB frozen=0 调度器在跑
2026-09-28 12:21:55 active=9 job=43 TRANSCODE | 调度器在跑（当前无 RVE 进程）
2026-09-28 12:26:56 active=9 job=43 EXPORT | 调度器在跑（当前无 RVE 进程）
2026-09-28 12:31:56 active=9 job=43 EXPORT | 调度器在跑（当前无 RVE 进程）
2026-09-28 12:36:56 active=8 job=19 REPAIR_VIDEO | out=4.5MB frozen=0 调度器在跑
2026-09-28 12:41:57 active=8 job=19 REPAIR_VIDEO | out=19MB frozen=0 调度器在跑
2026-09-28 12:46:57 active=8 job=19 REPAIR_VIDEO | out=31.3MB frozen=0 调度器在跑
2026-09-28 12:51:57 active=8 job=19 REPAIR_VIDEO | out=49.8MB frozen=0 调度器在跑
2026-09-28 12:56:58 active=8 job=19 REPAIR_VIDEO | out=60.5MB frozen=0 调度器在跑
2026-09-28 13:01:58 active=8 job=19 REPAIR_VIDEO | out=71.3MB frozen=0 调度器在跑
2026-09-28 13:06:58 active=8 job=19 REPAIR_VIDEO | out=83.3MB frozen=0 调度器在跑
2026-09-28 13:11:58 active=8 job=19 REPAIR_VIDEO | out=95.3MB frozen=0 调度器在跑
2026-09-28 13:16:59 active=8 job=19 REPAIR_VIDEO | out=108.8MB frozen=0 调度器在跑
2026-09-28 13:21:59 active=8 job=19 REPAIR_VIDEO | out=118.3MB frozen=0 调度器在跑
2026-09-28 13:26:59 active=8 job=19 REPAIR_VIDEO | out=128.5MB frozen=0 调度器在跑
2026-09-28 13:32:00 active=8 job=19 TRANSCODE | 调度器在跑（当前无 RVE 进程）
2026-09-28 13:37:00 active=8 job=19 TRANSCODE | 调度器在跑（当前无 RVE 进程）
2026-09-28 13:42:00 active=8 job=19 EXPORT | 调度器在跑（当前无 RVE 进程）
2026-09-28 13:47:01 active=8 job=19 EXPORT | 调度器在跑（当前无 RVE 进程）
2026-09-28 13:52:01 active=8 job=19 EXPORT | 调度器在跑（当前无 RVE 进程）
2026-09-28 13:57:01 active=7 job=20 REPAIR_VIDEO | out=10.8MB frozen=0 调度器在跑
2026-09-28 14:02:01 active=7 job=20 REPAIR_VIDEO | out=25.5MB frozen=0 调度器在跑
2026-09-28 14:07:02 active=7 job=20 REPAIR_VIDEO | out=35.8MB frozen=0 调度器在跑
2026-09-28 14:12:02 active=7 job=20 REPAIR_VIDEO | out=46MB frozen=0 调度器在跑
2026-09-28 14:17:02 active=7 job=20 REPAIR_VIDEO | out=56.3MB frozen=0 调度器在跑
2026-09-28 14:22:03 active=7 job=20 REPAIR_VIDEO | out=66.8MB frozen=0 调度器在跑
2026-09-28 14:27:03 active=7 job=20 REPAIR_VIDEO | out=77MB frozen=0 调度器在跑
2026-09-28 14:32:03 active=7 job=20 REPAIR_VIDEO | out=89.3MB frozen=0 调度器在跑
2026-09-28 14:37:03 active=7 job=20 TRANSCODE | 调度器在跑（当前无 RVE 进程）
2026-09-28 14:42:04 active=7 job=20 TRANSCODE | 调度器在跑（当前无 RVE 进程）
2026-09-28 14:47:04 active=7 job=20 EXPORT | 调度器在跑（当前无 RVE 进程）
2026-09-28 14:52:04 active=6 job=22 REPAIR_VIDEO | out=1.3MB frozen=0 调度器在跑
2026-09-28 14:57:05 active=6 job=22 REPAIR_VIDEO | out=15.5MB frozen=0 调度器在跑
2026-09-28 15:02:05 active=6 job=22 REPAIR_VIDEO | out=33.8MB frozen=0 调度器在跑
2026-09-28 15:07:05 active=6 job=22 REPAIR_VIDEO | out=52.3MB frozen=0 调度器在跑
2026-09-28 15:12:06 active=6 job=22 REPAIR_VIDEO | out=64MB frozen=0 调度器在跑
2026-09-28 15:17:06 active=6 job=22 REPAIR_VIDEO | out=78.8MB frozen=0 调度器在跑
2026-09-28 15:22:06 active=6 job=22 REPAIR_VIDEO | out=88.8MB frozen=0 调度器在跑
2026-09-28 15:27:07 active=6 job=22 REPAIR_VIDEO | out=99.5MB frozen=0 调度器在跑
2026-09-28 15:32:07 active=6 job=22 TRANSCODE | 调度器在跑（当前无 RVE 进程）
2026-09-28 15:37:07 active=6 job=22 TRANSCODE | 调度器在跑（当前无 RVE 进程）
2026-09-28 15:42:08 active=6 job=22 EXPORT | 调度器在跑（当前无 RVE 进程）
2026-09-28 15:47:08 active=6 job=22 EXPORT | 调度器在跑（当前无 RVE 进程）
2026-09-28 15:52:08 active=5 job=23 REPAIR_VIDEO | out=11MB frozen=0 调度器在跑
2026-09-28 15:57:08 active=5 job=23 REPAIR_VIDEO | out=23.3MB frozen=0 调度器在跑
2026-09-28 16:02:09 active=5 job=23 REPAIR_VIDEO | out=35.3MB frozen=0 调度器在跑
2026-09-28 16:07:09 active=5 job=23 REPAIR_VIDEO | out=51.3MB frozen=0 调度器在跑
2026-09-28 16:12:09 active=5 job=23 REPAIR_VIDEO | out=61.8MB frozen=0 调度器在跑
2026-09-28 16:17:10 active=5 job=23 REPAIR_VIDEO | out=71.5MB frozen=0 调度器在跑
2026-09-28 16:22:10 active=5 job=23 REPAIR_VIDEO | out=83MB frozen=0 调度器在跑
2026-09-28 16:27:10 active=5 job=23 REPAIR_VIDEO | out=98.5MB frozen=0 调度器在跑
2026-09-28 16:32:10 active=5 job=23 TRANSCODE | 调度器在跑（当前无 RVE 进程）
2026-09-28 16:37:11 active=5 job=23 EXPORT | 调度器在跑（当前无 RVE 进程）
2026-09-28 16:42:11 active=5 job=23 EXPORT | 调度器在跑（当前无 RVE 进程）
2026-09-28 16:47:11 active=4 job=24 REPAIR_VIDEO | out=14.5MB frozen=0 调度器在跑
2026-09-28 16:52:11 active=4 job=24 REPAIR_VIDEO | out=26.3MB frozen=0 调度器在跑
2026-09-28 16:57:12 active=4 job=24 REPAIR_VIDEO | out=37.5MB frozen=0 调度器在跑
2026-09-28 17:02:12 active=4 job=24 REPAIR_VIDEO | out=46.8MB frozen=0 调度器在跑
2026-09-28 17:07:12 active=4 job=24 REPAIR_VIDEO | out=57.5MB frozen=0 调度器在跑
2026-09-28 17:12:13 active=4 job=24 REPAIR_VIDEO | out=69MB frozen=0 调度器在跑
2026-09-28 17:17:13 active=4 job=24 TRANSCODE | 调度器在跑（当前无 RVE 进程）
2026-09-28 17:22:13 active=4 job=24 EXPORT | 调度器在跑（当前无 RVE 进程）
2026-09-28 17:27:14 active=3 job=25 REPAIR_VIDEO | out=1.3MB frozen=0 调度器在跑
2026-09-28 17:32:14 active=3 job=25 REPAIR_VIDEO | out=14.3MB frozen=0 调度器在跑
2026-09-28 17:37:14 active=3 job=25 REPAIR_VIDEO | out=32MB frozen=0 调度器在跑
2026-09-28 17:42:15 active=3 job=25 REPAIR_VIDEO | out=42.8MB frozen=0 调度器在跑
2026-09-28 17:47:15 active=3 job=25 REPAIR_VIDEO | out=58.5MB frozen=0 调度器在跑
2026-09-28 17:52:15 active=3 job=25 REPAIR_VIDEO | out=68.5MB frozen=0 调度器在跑
2026-09-28 17:57:15 active=3 job=25 REPAIR_VIDEO | out=77.5MB frozen=0 调度器在跑
2026-09-28 18:02:16 active=3 job=25 TRANSCODE | 调度器在跑（当前无 RVE 进程）
2026-09-28 18:07:16 active=3 job=25 EXPORT | 调度器在跑（当前无 RVE 进程）
2026-09-28 18:12:16 active=3 job=25 EXPORT | 调度器在跑（当前无 RVE 进程）
2026-09-28 18:17:17 active=2 job=27 REPAIR_VIDEO | out=11.3MB frozen=0 调度器在跑
2026-09-28 18:22:17 active=2 job=27 REPAIR_VIDEO | out=25.3MB frozen=0 调度器在跑
2026-09-28 18:27:17 active=2 job=27 REPAIR_VIDEO | out=36MB frozen=0 调度器在跑
2026-09-28 18:32:18 active=2 job=27 REPAIR_VIDEO | out=47MB frozen=0 调度器在跑
2026-09-28 18:37:18 active=2 job=27 REPAIR_VIDEO | out=59.3MB frozen=0 调度器在跑
2026-09-28 18:42:18 active=2 job=27 TRANSCODE | 调度器在跑（当前无 RVE 进程）
2026-09-28 18:47:18 active=2 job=27 EXPORT | 调度器在跑（当前无 RVE 进程）
2026-09-28 18:52:19 active=1 job=42 REPAIR_VIDEO | out=1.8MB frozen=0 调度器在跑
2026-09-28 18:57:19 active=1 job=42 REPAIR_VIDEO | out=14.8MB frozen=0 调度器在跑
2026-09-28 19:02:19 active=1 job=42 REPAIR_VIDEO | out=29MB frozen=0 调度器在跑
2026-09-28 19:07:20 active=1 job=42 REPAIR_VIDEO | out=41.8MB frozen=0 调度器在跑
2026-09-28 19:12:20 active=1 job=42 TRANSCODE | 调度器在跑（当前无 RVE 进程）
2026-09-28 19:17:20 active=0 队列已清空，报告：REPORT=E:\WorkBuddy\video-transfer-tools\video_pipeline\logs\20260928_191720_未导出视频报告.md
2026-09-28 19:17:20 守护结束
2026-09-28 21:20:47 守护启动：interval=300s stall=3 次
2026-09-28 21:20:47 PATH 已加入 E:\WorkBuddy\video-transfer-tools\video_pipeline\.tools\ffmpeg
2026-09-28 21:20:48 active=2 job=- - | out=-1MB —— 调度器已不在，清理孤儿进程后重启
2026-09-28 21:25:53 active=2 job=10 REPAIR_VIDEO | out=15.3MB frozen=0 调度器在跑
2026-09-28 21:30:54 active=2 job=10 REPAIR_VIDEO | out=31.3MB frozen=0 调度器在跑
2026-09-28 21:35:54 active=2 job=10 REPAIR_VIDEO | out=52.8MB frozen=0 调度器在跑
2026-09-28 21:40:54 active=2 job=10 REPAIR_VIDEO | out=66.5MB frozen=0 调度器在跑
2026-09-28 21:45:55 active=2 job=10 REPAIR_VIDEO | out=85MB frozen=0 调度器在跑
2026-09-28 21:50:55 active=2 job=10 REPAIR_VIDEO | out=101.5MB frozen=0 调度器在跑
2026-09-28 21:55:56 active=2 job=10 REPAIR_VIDEO | out=120MB frozen=0 调度器在跑
2026-09-28 22:00:56 active=2 job=10 REPAIR_VIDEO | out=132MB frozen=0 调度器在跑
2026-09-28 22:05:57 active=2 job=10 REPAIR_VIDEO | out=147.8MB frozen=0 调度器在跑
2026-09-28 22:10:57 active=2 job=10 TRANSCODE | 调度器在跑（当前无 RVE 进程）
2026-09-28 22:15:57 active=2 job=10 EXPORT | 调度器在跑（当前无 RVE 进程）
2026-09-28 22:20:57 active=1 job=12 REPAIR_VIDEO | out=4MB frozen=0 调度器在跑
2026-09-28 22:25:58 active=1 job=12 REPAIR_VIDEO | out=10.3MB frozen=0 调度器在跑
2026-09-28 22:30:58 active=1 job=12 REPAIR_VIDEO | out=12.8MB frozen=0 调度器在跑
2026-09-28 22:35:58 active=1 job=12 REPAIR_VIDEO | out=14.3MB frozen=0 调度器在跑
2026-09-28 22:40:59 active=1 job=12 REPAIR_VIDEO | out=16.8MB frozen=0 调度器在跑
2026-09-28 22:45:59 active=1 job=12 REPAIR_VIDEO | out=20MB frozen=0 调度器在跑
2026-09-28 22:50:59 active=1 job=12 REPAIR_VIDEO | out=22.8MB frozen=0 调度器在跑
2026-09-28 22:56:00 active=1 job=12 REPAIR_VIDEO | out=27MB frozen=0 调度器在跑
2026-09-28 23:01:00 active=1 job=12 REPAIR_VIDEO | out=31.8MB frozen=0 调度器在跑
2026-09-28 23:06:00 active=1 job=12 REPAIR_VIDEO | out=35MB frozen=0 调度器在跑
2026-09-28 23:11:01 active=1 job=12 REPAIR_VIDEO | out=39.5MB frozen=0 调度器在跑
2026-09-28 23:16:01 active=1 job=12 REPAIR_VIDEO | out=42.5MB frozen=0 调度器在跑
2026-09-28 23:21:01 active=1 job=12 REPAIR_VIDEO | out=47MB frozen=0 调度器在跑
2026-09-28 23:26:01 active=1 job=12 REPAIR_VIDEO | out=51.8MB frozen=0 调度器在跑
2026-09-28 23:31:02 active=1 job=12 REPAIR_VIDEO | out=55.3MB frozen=0 调度器在跑
2026-09-28 23:36:02 active=1 job=12 REPAIR_VIDEO | out=59.5MB frozen=0 调度器在跑
2026-09-28 23:41:02 active=1 job=12 REPAIR_VIDEO | out=63MB frozen=0 调度器在跑
2026-09-28 23:46:03 active=1 job=12 REPAIR_VIDEO | out=67MB frozen=0 调度器在跑
2026-09-28 23:51:03 active=1 job=12 REPAIR_VIDEO | out=70.5MB frozen=0 调度器在跑
2026-09-28 23:56:03 active=1 job=12 REPAIR_VIDEO | out=74.8MB frozen=0 调度器在跑
2026-09-29 00:01:03 active=1 job=12 REPAIR_VIDEO | out=78.8MB frozen=0 调度器在跑
2026-09-29 00:06:04 active=1 job=12 REPAIR_VIDEO | out=81.8MB frozen=0 调度器在跑
2026-09-29 00:11:04 active=1 job=12 REPAIR_VIDEO | out=86MB frozen=0 调度器在跑
2026-09-29 00:16:04 active=1 job=12 REPAIR_VIDEO | out=92MB frozen=0 调度器在跑
2026-09-29 00:21:05 active=1 job=12 REPAIR_VIDEO | out=95MB frozen=0 调度器在跑
2026-09-29 00:26:05 active=1 job=12 REPAIR_VIDEO | out=97.3MB frozen=0 调度器在跑
2026-09-29 00:31:05 active=1 job=12 REPAIR_VIDEO | out=100.5MB frozen=0 调度器在跑
2026-09-29 00:36:06 active=1 job=12 REPAIR_VIDEO | out=103.8MB frozen=0 调度器在跑
2026-09-29 00:41:06 active=1 job=12 REPAIR_VIDEO | out=107.3MB frozen=0 调度器在跑
2026-09-29 00:46:06 active=1 job=12 REPAIR_VIDEO | out=111MB frozen=0 调度器在跑
2026-09-29 00:51:06 active=1 job=12 REPAIR_VIDEO | out=112.5MB frozen=0 调度器在跑
2026-09-29 00:56:07 active=1 job=12 REPAIR_VIDEO | out=116.3MB frozen=0 调度器在跑
2026-09-29 01:01:07 active=1 job=12 REPAIR_VIDEO | out=119.3MB frozen=0 调度器在跑
2026-09-29 01:06:07 active=1 job=12 REPAIR_VIDEO | out=122.5MB frozen=0 调度器在跑
2026-09-29 01:11:07 active=1 job=12 REPAIR_VIDEO | out=124.5MB frozen=0 调度器在跑
2026-09-29 01:16:08 active=1 job=12 REPAIR_VIDEO | out=127.5MB frozen=0 调度器在跑
2026-09-29 01:21:08 active=1 job=12 REPAIR_VIDEO | out=130.8MB frozen=0 调度器在跑
2026-09-29 01:26:08 active=1 job=12 REPAIR_VIDEO | out=133.8MB frozen=0 调度器在跑
2026-09-29 01:31:09 active=1 job=12 REPAIR_VIDEO | out=137MB frozen=0 调度器在跑
2026-09-29 01:36:09 active=1 job=12 REPAIR_VIDEO | out=139.8MB frozen=0 调度器在跑
2026-09-29 01:41:09 active=1 job=12 REPAIR_VIDEO | out=143.8MB frozen=0 调度器在跑
2026-09-29 01:46:10 active=1 job=12 REPAIR_VIDEO | out=147MB frozen=0 调度器在跑
2026-09-29 01:51:10 active=1 job=12 REPAIR_VIDEO | out=150.3MB frozen=0 调度器在跑
2026-09-29 01:56:10 active=1 job=12 REPAIR_VIDEO | out=154.3MB frozen=0 调度器在跑
2026-09-29 02:01:10 active=1 job=12 REPAIR_VIDEO | out=157MB frozen=0 调度器在跑
2026-09-29 02:06:11 active=1 job=12 REPAIR_VIDEO | out=160MB frozen=0 调度器在跑
2026-09-29 02:11:11 active=1 job=12 REPAIR_VIDEO | out=161.8MB frozen=0 调度器在跑
2026-09-29 02:16:11 active=1 job=12 REPAIR_VIDEO | out=164.5MB frozen=0 调度器在跑
2026-09-29 02:21:11 active=1 job=12 REPAIR_VIDEO | out=169MB frozen=0 调度器在跑
2026-09-29 02:26:12 active=1 job=12 REPAIR_VIDEO | out=171.3MB frozen=0 调度器在跑
2026-09-29 02:31:12 active=1 job=12 REPAIR_VIDEO | out=175.5MB frozen=0 调度器在跑
2026-09-29 02:36:12 active=1 job=12 REPAIR_VIDEO | out=180.3MB frozen=0 调度器在跑
2026-09-29 02:41:13 active=1 job=12 REPAIR_VIDEO | out=182MB frozen=0 调度器在跑
2026-09-29 02:46:13 active=1 job=12 REPAIR_VIDEO | out=185.5MB frozen=0 调度器在跑
2026-09-29 02:51:13 active=1 job=12 REPAIR_VIDEO | out=188.3MB frozen=0 调度器在跑
2026-09-29 02:56:13 active=1 job=12 REPAIR_VIDEO | out=190.5MB frozen=0 调度器在跑
2026-09-29 03:01:14 active=1 job=12 REPAIR_VIDEO | out=195MB frozen=0 调度器在跑
2026-09-29 03:06:14 active=1 job=12 REPAIR_VIDEO | out=198.5MB frozen=0 调度器在跑
2026-09-29 03:11:14 active=1 job=12 REPAIR_VIDEO | out=203.5MB frozen=0 调度器在跑
2026-09-29 03:16:14 active=1 job=12 REPAIR_VIDEO | out=207.3MB frozen=0 调度器在跑
2026-09-29 03:21:15 active=1 job=12 REPAIR_VIDEO | out=210.3MB frozen=0 调度器在跑
2026-09-29 03:26:15 active=1 job=12 REPAIR_VIDEO | out=214MB frozen=0 调度器在跑
2026-09-29 03:31:15 active=1 job=12 REPAIR_VIDEO | out=218.3MB frozen=0 调度器在跑
2026-09-29 03:36:15 active=1 job=12 REPAIR_VIDEO | out=221.5MB frozen=0 调度器在跑
2026-09-29 03:41:16 active=1 job=12 REPAIR_VIDEO | out=223.8MB frozen=0 调度器在跑
2026-09-29 03:46:16 active=1 job=12 REPAIR_VIDEO | out=227.5MB frozen=0 调度器在跑
2026-09-29 03:51:16 active=1 job=12 REPAIR_VIDEO | out=230MB frozen=0 调度器在跑
2026-09-29 03:56:17 active=1 job=12 REPAIR_VIDEO | out=233.8MB frozen=0 调度器在跑
2026-09-29 04:01:17 active=1 job=12 REPAIR_VIDEO | out=237.8MB frozen=0 调度器在跑
2026-09-29 04:06:17 active=1 job=12 REPAIR_VIDEO | out=239.8MB frozen=0 调度器在跑
2026-09-29 04:11:17 active=1 job=12 REPAIR_VIDEO | out=244.3MB frozen=0 调度器在跑
2026-09-29 04:16:18 active=1 job=12 REPAIR_VIDEO | out=247.8MB frozen=0 调度器在跑
2026-09-29 04:21:18 active=1 job=12 REPAIR_VIDEO | out=252.8MB frozen=0 调度器在跑
2026-09-29 04:26:18 active=1 job=12 REPAIR_VIDEO | out=255.8MB frozen=0 调度器在跑
2026-09-29 04:31:19 active=1 job=12 REPAIR_VIDEO | out=261.5MB frozen=0 调度器在跑
2026-09-29 04:36:19 active=1 job=12 REPAIR_VIDEO | out=268.3MB frozen=0 调度器在跑
2026-09-29 04:41:19 active=1 job=12 TRANSCODE | 调度器在跑（当前无 RVE 进程）
2026-09-29 04:46:19 active=1 job=12 EXPORT | 调度器在跑（当前无 RVE 进程）
2026-09-29 04:51:20 active=0 队列已清空，报告：REPORT=E:\WorkBuddy\video-transfer-tools\video_pipeline\logs\20260929_045120_未导出视频报告.md
2026-09-29 04:51:20 守护结束
2026-09-29 07:31:09 守护启动：interval=300s stall=3 次
2026-09-29 07:31:09 PATH 已加入 E:\WorkBuddy\video-transfer-tools\video_pipeline\.tools\ffmpeg
2026-09-29 07:31:10 active=1 job=- - | out=-1MB —— 调度器已不在，清理孤儿进程后重启
2026-09-29 07:36:15 active=1 job=45 REPAIR_VIDEO | out=81.3MB frozen=0 调度器在跑
2026-09-29 07:41:15 active=1 job=45 REPAIR_VIDEO | out=154.8MB frozen=0 调度器在跑
2026-09-29 07:46:16 active=1 job=45 REPAIR_VIDEO | out=249.3MB frozen=0 调度器在跑
2026-09-29 07:51:16 active=1 job=45 REPAIR_VIDEO | out=335.8MB frozen=0 调度器在跑
2026-09-29 07:56:16 active=1 job=45 REPAIR_VIDEO | out=415.5MB frozen=0 调度器在跑
2026-09-29 08:01:16 active=1 job=45 REPAIR_VIDEO | out=501.5MB frozen=0 调度器在跑
2026-09-29 08:06:17 active=1 job=45 REPAIR_VIDEO | out=586MB frozen=0 调度器在跑
2026-09-29 08:11:17 active=1 job=45 REPAIR_VIDEO | out=670.8MB frozen=0 调度器在跑
2026-09-29 08:16:18 active=1 job=45 REPAIR_VIDEO | out=741.5MB frozen=0 调度器在跑
2026-09-29 08:21:18 active=1 job=45 TRANSCODE | 调度器在跑（当前无 RVE 进程）
2026-09-29 08:26:18 active=1 job=45 EXPORT | 调度器在跑（当前无 RVE 进程）
2026-09-29 08:31:18 active=0 队列已清空，报告：REPORT=E:\WorkBuddy\video-transfer-tools\video_pipeline\logs\20260929_083118_未导出视频报告.md
2026-09-29 08:31:18 守护结束
